// Jest Snapshot v1, https://goo.gl/fbAQLP

exports[`withComponent composes the component with provided styles 1`] = `
<text
  style="font-size:20px;"
/>
`;
